3c00:e10:2000:1::/64 dev eth0  proto kernel  metric 256
3c04:3a60::/64 dev eth2.204  proto kernel  metric 256
3c04:3a60:0:1::/64 dev eth4.206  proto kernel  metric 256
3c04:3a60:0:2::/64 dev eth2.1718  proto kernel  metric 256
3c04:3a60:0:100::/64 via 3c04:3a60::2 dev eth2.204  metric 1024
3c04:3a60:0:101::/64 dev eth2.302  proto kernel  metric 256
3c04:3a60:0:1700::/64 via 3c04:3a60:0:2::21 dev eth2.1718  metric 1024
3c04:3a60:0:1705::/64 via 3c04:3a60:0:2::21 dev eth2.1718  metric 1024
3c04:3a60:0:1720::/64 via 3c04:3a60:0:2::21 dev eth2.1718  metric 1024
3c04:3a60:0:1722::/64 via 3c04:3a60:0:2::21 dev eth2.1718  metric 1024
3c04:3a60:0:1723::/64 via 3c04:3a60:0:2::21 dev eth2.1718  metric 1024
3c04:3a60:0:1724::/64 via 3c04:3a60:0:2::21 dev eth2.1718  metric 1024
3c04:3a60:0:1725::/64 via 3c04:3a60:0:2::21 dev eth2.1718  metric 1024
3c04:3a60:0:1726::/64 via 3c04:3a60:0:2::21 dev eth2.1718  metric 1024
3c04:3a60:0:fe80::/64 via 3c04:3a60:0:2::21 dev eth2.1718  metric 1024
3c04:3a60:0:fe81::/64 via 3c04:3a60:0:2::21 dev eth2.1718  metric 1024
3c04:3a60:0:fe82::/64 via 3c04:3a60:0:2::21 dev eth2.1718  metric 1024
3c04:3a60:1::/48 via 3c04:3a60:0:1::2 dev eth4.206  metric 1024
3c04:3a60:2::/48 via 3c04:3a60:0:2::21 dev eth2.1718  metric 1024
3c04:3a60:3::/48 via 3c04:3a60:0:2::21 dev eth2.1718  metric 1024
3c04:3a60:4::/48 via 3c04:3a60:0:2::21 dev eth2.1718  metric 1024
3c04:3a60:5::/48 via 3c04:3a60:0:2::21 dev eth2.1718  metric 1024
3c04:3a60:6::/48 via 3c04:3a60:0:2::21 dev eth2.1718  metric 1024
3c04:3a60:a::/48 via 3c04:3a60:0:2::21 dev eth2.1718  metric 1024
3c04:3a60:f::/48 via 3c04:3a60:0:2::21 dev eth2.1718  metric 1024
3c04:3a60:10::/48 via 3c04:3a60:0:2::21 dev eth2.1718  metric 1024
3c04:3a60:12::/48 via 3c04:3a60:0:2::21 dev eth2.1718  metric 1024
unreachable 3c04:3a60::/29 dev lo  metric 1024  error -101
fe80::/64 dev eth0  proto kernel  metric 256
fe80::/64 dev eth2.302  proto kernel  metric 256
fe80::/64 dev eth4.206  proto kernel  metric 256
fe80::/64 dev eth2.204  proto kernel  metric 256
fe80::/64 dev eth3.207  proto kernel  metric 256
fe80::/64 dev eth3.208  proto kernel  metric 256
fe80::/64 dev eth3.209  proto kernel  metric 256
fe80::/64 dev eth2.210  proto kernel  metric 256
fe80::/64 dev eth2.1718  proto kernel  metric 256
default via 3c00:e10:2000:1::1 dev eth0  metric 1024
